; this file is the same as teste4.slp.expected but uses Windows CRLF line endings
(-1)
